[{"code":"extension/unsafe","hasFix":false,"message":"Extension GeneralizedNewtypeDeriving can have unsafe implications","severity":"Info"},{"code":"modernize/applicative","hasFix":true,"message":"'pure' is more general than 'return' (Applicative vs Monad). Replace with: return x = BadM x  -- Should be same as pure","severity":"Suggestion"},{"code":"performance/allocation","hasFix":true,"message":"concat (map f xs) allocates intermediate list of lists. Use concatMap f xs for single-pass","severity":"Warning"},{"code":"performance/allocation","hasFix":true,"message":"mconcat (map f xs) allocates intermediate list. Use foldMap f xs for single-pass","severity":"Warning"}]