[{"code":"imports/unused","hasFix":true,"message":"Unused imports from Data.Maybe: maybe","severity":"Warning"},{"code":"performance/string","hasFix":false,"message":"String is [Char] - inefficient for large text. Use Text for Unicode text or ByteString for binary data","severity":"Suggestion"},{"code":"performance/string","hasFix":false,"message":"String is [Char] - inefficient for large text. Use Text for Unicode text or ByteString for binary data","severity":"Suggestion"},{"code":"redundant/either-left-right","hasFix":true,"message":"'either Left Right' is equivalent to 'id' for Either","severity":"Warning"},{"code":"redundant/fmap-id","hasFix":true,"message":"'fmap id x' is equivalent to 'x' (functor identity law)","severity":"Warning"}]