[{"code":"modernize/applicative","hasFix":true,"message":"'fmap' is the Functor equivalent of 'liftM'. Replace with: example3 f x = fmap f x","severity":"Suggestion"},{"code":"modernize/applicative","hasFix":true,"message":"'pure' is more general than 'return' (Applicative vs Monad). Replace with: example1 = pure 42","severity":"Suggestion"},{"code":"modernize/traversable","hasFix":true,"message":"'traverse' is more general than 'mapM'. Replace with: example2 f xs = traverse f xs","severity":"Info"}]