[{"code":"redundant/double-reverse","hasFix":true,"message":"'reverse . reverse' is equivalent to 'id'","severity":"Warning"},{"code":"redundant/double-reverse","hasFix":true,"message":"'reverse . reverse' is equivalent to 'id'","severity":"Warning"},{"code":"redundant/double-reverse","hasFix":true,"message":"'reverse . reverse' is equivalent to 'id'","severity":"Warning"},{"code":"redundant/double-reverse-dollar","hasFix":true,"message":"'reverse $ reverse' is equivalent to 'id'","severity":"Warning"},{"code":"redundant/double-reverse-dollar","hasFix":true,"message":"'reverse $ reverse' is equivalent to 'id'","severity":"Warning"},{"code":"redundant/double-reverse-dollar","hasFix":true,"message":"'reverse $ reverse' is equivalent to 'id'","severity":"Warning"}]