[{"code":"extension/unsafe","hasFix":false,"message":"Extension UndecidableInstances can have unsafe implications","severity":"Info"},{"code":"imports/unused","hasFix":true,"message":"Unused imports from GHC.TypeLits: Symbol","severity":"Warning"},{"code":"performance/boxing","hasFix":false,"message":"Integer is arbitrary precision and boxed. Use Int64/Word64 if range is known, or Int for machine word","severity":"Suggestion"},{"code":"security/undefined","hasFix":false,"message":"undefined will crash at runtime","severity":"Error"}]