[{"code":"modernize/applicative","hasFix":true,"message":"'pure' is more general than 'return' (Applicative vs Monad). Replace with: mixedIssues xs = pure (foldl (+) 0 xs)","severity":"Suggestion"},{"code":"redundant/double-not","hasFix":true,"message":"'not (not x)' is equivalent to 'x'","severity":"Warning"},{"code":"redundant/if-true-false","hasFix":true,"message":"'if x then True else False' is equivalent to 'x'","severity":"Warning"},{"code":"space-leak/lazy-fold","hasFix":true,"message":"foldl accumulates thunks that can cause stack overflow on large lists. Use foldl' from Data.List for strict left fold","severity":"Warning"}]