[{"code":"performance/allocation","hasFix":false,"message":"File has 7 map and 0 filter calls - consider combining chained operations. Look for map f . map g patterns to combine into map (f . g)","severity":"Suggestion"},{"code":"performance/boxing","hasFix":false,"message":"Pairs are boxed by default. Use strict data types with UNPACK pragmas in performance-critical code","severity":"Suggestion"},{"code":"redundant/fst-tuple","hasFix":true,"message":"'fst (x, y)' is equivalent to 'x'","severity":"Suggestion"},{"code":"redundant/fst-tuple","hasFix":true,"message":"'fst (x, y)' is equivalent to 'x'","severity":"Suggestion"},{"code":"redundant/snd-tuple","hasFix":true,"message":"'snd (x, y)' is equivalent to 'y'","severity":"Suggestion"},{"code":"redundant/snd-tuple","hasFix":true,"message":"'snd (x, y)' is equivalent to 'y'","severity":"Suggestion"}]