[{"code":"performance/algorithm","hasFix":true,"message":"head . sort is O(n log n), minimum is O(n) (Complexity: O(n log n) → O(n)). Use minimum for O(n) performance","severity":"Warning"},{"code":"performance/algorithm","hasFix":true,"message":"length xs == 0 traverses entire list to check emptiness (Complexity: O(n) → O(1)). Use 'null xs' for O(1) check","severity":"Warning"},{"code":"performance/allocation","hasFix":true,"message":"concat (map f xs) allocates intermediate list of lists. Use concatMap f xs for single-pass","severity":"Warning"}]