[{"code":"imports/suggest-qualified","hasFix":true,"message":"Consider using qualified import for Data.Text","severity":"Suggestion"},{"code":"imports/unused","hasFix":true,"message":"Unused imports from Data.Text: unpack","severity":"Warning"},{"code":"performance/lazy","hasFix":false,"message":"Data.Map is lazy in values - can accumulate thunks. Use Data.Map.Strict unless you need lazy evaluation","severity":"Suggestion"},{"code":"performance/lazy","hasFix":false,"message":"Data.Map is lazy in values - can accumulate thunks. Use Data.Map.Strict unless you need lazy evaluation","severity":"Suggestion"}]