[{"code":"pattern/avoid-head","hasFix":true,"message":"Use listToMaybe instead of partial head","severity":"Warning"},{"code":"security/undefined","hasFix":false,"message":"undefined will crash at runtime","severity":"Error"},{"code":"space-leak/lazy-fold","hasFix":true,"message":"foldl accumulates thunks that can cause stack overflow on large lists. Use foldl' from Data.List for strict left fold","severity":"Warning"}]